// Jest Snapshot v1, https://goo.gl/fbAQLP

exports[`renders comments after clicking visibility toggle 1`] = `"<div class=\\"bg-light border-top \\"><div class=\\"card-header\\"><span>Comments (2)</span><button type=\\"button\\" class=\\"close float-right\\" aria-label=\\"Close\\"><span aria-hidden=\\"true\\"><svg class=\\"bi bi-chevron-up\\" width=\\"1em\\" height=\\"1em\\" viewBox=\\"0 0 20 20\\" fill=\\"currentColor\\" xmlns=\\"http://www.w3.org/2000/svg\\"><path fill-rule=\\"evenodd\\" d=\\"M9.646 6.646a.5.5 0 01.708 0l6 6a.5.5 0 01-.708.708L10 7.707l-5.646 5.647a.5.5 0 01-.708-.708l6-6z\\" clip-rule=\\"evenodd\\"></path></svg></span></button></div></div>"`;

exports[`renders comments after clicking visibility toggle 2`] = `"<div class=\\"bg-light border-top full-card-height\\"><div class=\\"card-header\\"><span>Comments (2)</span><button type=\\"button\\" class=\\"close float-right\\" aria-label=\\"Close\\"><span aria-hidden=\\"true\\"><svg class=\\"bi bi-chevron-down\\" width=\\"1em\\" height=\\"1em\\" viewBox=\\"0 0 20 20\\" fill=\\"currentColor\\" xmlns=\\"http://www.w3.org/2000/svg\\"><path fill-rule=\\"evenodd\\" d=\\"M3.646 6.646a.5.5 0 01.708 0L10 12.293l5.646-5.647a.5.5 0 01.708.708l-6 6a.5.5 0 01-.708 0l-6-6a.5.5 0 010-.708z\\" clip-rule=\\"evenodd\\"></path></svg></span></button></div><div class=\\"card-body m-0\\"><div class=\\"mb-2\\"><h6 class=\\"card-subtitle my-2 text-muted\\">email 1.1</h6><h5 class=\\"card-title\\">title 1.1</h5><p class=\\"card-text\\">body 1.1</p></div><div class=\\"border-top mb-2\\"><h6 class=\\"card-subtitle my-2 text-muted\\">email 1.2</h6><h5 class=\\"card-title\\">title 1.2</h5><p class=\\"card-text\\">body 1.2</p></div></div></div>"`;

exports[`renders comments on init 1`] = `"<div class=\\"bg-light border-top full-card-height\\"><div class=\\"card-header\\"><span>Comments (2)</span><button type=\\"button\\" class=\\"close float-right\\" aria-label=\\"Close\\"><span aria-hidden=\\"true\\"><svg class=\\"bi bi-chevron-down\\" width=\\"1em\\" height=\\"1em\\" viewBox=\\"0 0 20 20\\" fill=\\"currentColor\\" xmlns=\\"http://www.w3.org/2000/svg\\"><path fill-rule=\\"evenodd\\" d=\\"M3.646 6.646a.5.5 0 01.708 0L10 12.293l5.646-5.647a.5.5 0 01.708.708l-6 6a.5.5 0 01-.708 0l-6-6a.5.5 0 010-.708z\\" clip-rule=\\"evenodd\\"></path></svg></span></button></div><div class=\\"card-body m-0\\"><div class=\\"mb-2\\"><h6 class=\\"card-subtitle my-2 text-muted\\">email 1.1</h6><h5 class=\\"card-title\\">title 1.1</h5><p class=\\"card-text\\">body 1.1</p></div><div class=\\"border-top mb-2\\"><h6 class=\\"card-subtitle my-2 text-muted\\">email 1.2</h6><h5 class=\\"card-title\\">title 1.2</h5><p class=\\"card-text\\">body 1.2</p></div></div></div>"`;
